gavrasm Gerd's AVR assembler version 5.1 (C)2021 by DG4FAC
----------------------------------------------------------

Path:        /home/aluno/Documentos/
Source file: aula_7_teste_simulate.asm
Hex file:    aula_7_teste_simulate.hex
Eeprom file: aula_7_teste_simulate.eep
Compiled:    26.07.2022, 16:32:18
Pass:        2

     1: .device ATmega328p
     2: .org 0x00
     3: 
     4: 000000   C000  RJMP INIT
     5: 
     6: INIT:
     7: 000001   E008  LDI R16, HIGH(RAMEND)
     8: 000002   BF0E  OUT SPH, R16
     9: 000003   EF0F  LDI R16, LOW(RAMEND)
    10: 000004   BF0D  OUT SPL, R16
    11: 000005   C015  RJMP SUB1
    12: 
    13: 
    14: SECOND_DELAY:
    15: 000006   9573  INC R23;
    16: 
    17: 000007   1757  CP R21, R23
    18: 000008   F069  BREQ PISCA_LED
    19: 000009   CFFC  RJMP SECOND_DELAY
    20: 
    21: DELAY:
    22: 
    23: 00000A   9563  INC R22;
    24: 
    25: 00000B   1756  CP R21, R22
    26: 00000C   F049  BREQ PISCA_LED
    27: 00000D   CFFC  RJMP DELAY
    28: 
    29: 
    30: TURN_ON:
    31: 
    32:         ;OUT DDRB, R16;
    33:         ;OUT PORTB, R16;
    34: 
    35: 00000E   2F20  MOV R18, R16
    36: 
    37:         ; reinicia os contadores do loop
    38: 00000F   E070  LDI R23, 0x00
    39: 000010   E060  LDI R22, 0x00
    40: 
    41: 000011   CFF8  RJMP DELAY
    42: 
    43: 
    44: TURN_OFF:
    45: 
    46:          ;OUT DDRB, R20;
    47:          ;OUT PORTB, R20;
    48: 
    49: 000012   2F24  MOV R18, R20
    50: 
    51: 000013   E070  LDI R23, 0x00
    52: 000014   E060  LDI R22, 0x00
    53: 
    54: 000015   CFF4  RJMP DELAY
    55: 
    56: PISCA_LED:
    57: 
    58: 000016   B133  IN R19, PINB; lê o estado atual
    59: 000017   1720  CP R18, R16
    60: 000018   F3C9  BREQ TURN_OFF
    61: 000019   940E  CALL TURN_ON
        00001A   000E
    62: 
    63: SUB1:
    64: 00001B   E200  LDI R16, 0x20; pino 5 ligado
    65: 00001C   E010  LDI R17, 0x00; pinos desligados
    66: 
    67: 00001D   E020  LDI R18, 0x00; "LED" de simulate
    68: 
    69: 00001E   E030  LDI R19, 0x00; conterá o estado atual do LED
    70: 
    71: 00001F   E053  LDI R21, 0x03; tempo de delay
    72: 000020   E060  LDI R22, 0x00; contador do delay
    73: 000021   E070  LDI R23, 0x00; contador do delay
    74: 
    75:      ; Configuração inicial do LED
    76: 
    77: 000022   940E  CALL TURN_ON
        000023   000E
    78: 
    79: 000024   C000  RJMP LOOP
    80: 
    81: 
    82: 
    83: 000025   CFFF  RJMP LOOP
    84: 
    85: 

List of symbols:
Type nDef nUsed             Decimalval           Hexval Name
  T     1     1                    171               AB ATMEGA328P
  L     1     2                      1               01 INIT
  L     1     2                      6               06 SECOND_DELAY
  L     1     6                     10               0A DELAY
  L     1     2                     14               0E TURN_ON
  L     1     2                     18               12 TURN_OFF
  L     1     4                     22               16 PISCA_LED
  L     1     2                     27               1B SUB1
  L     1     4                     37               25 LOOP
  C     1     0                     22               16 NOW_Y
  C     1     0                      7               07 NOW_M
  C     1     0                     26               1A NOW_D
  C     1     0                  44768             AEE0 NOW_I
   No macros.

Program             :       38 words.
Constants           :        0 words.
Total program memory:       38 words.
Eeprom space        :        0 bytes.
Data segment        :        0 bytes.
Compilation completed, no errors.
Compilation ended 26.07.2022, 16:32:18
