gavrasm Gerd's AVR assembler version 5.1 (C)2021 by DG4FAC
----------------------------------------------------------

Path:        /home/aluno/Documentos/
Source file: aula5.asm
Hex file:    aula5.hex
Eeprom file: aula5.eep
Compiled:    14.07.2022, 16:59:49
Pass:        2

     1: 
     2: .device ATmega328p
     3: 
     4: .DSEG
     5:     po1: .byte 0x00
     6:     maior_v: .byte 0x00
     7: .CSEG
     8: 
     9: .org 0x00
    10: 
    11: 000000   C000  RJMP INIT
    12: 
    13: TOMEM:
    14: 
    15: 
    16: INIT:
    17: 000001   E008  LDI R16, HIGH(RAMEND)
    18: 000002   BF0E  OUT SPH, R16
    19: 000003   EF0F  LDI R16, LOW(RAMEND)
    20: 000004   BF0D  OUT SPL, R16
    21: 000005   C000  RJMP P1
    22: 
    23: P1:
    24: 000006   E2EE  LDI R30, LOW(ARRAY << 1)
    25: 000007   E0F0  LDI R31, HIGH(ARRAY << 1)
    26: 
    27: 000008   E005  LDI R16, 0x05;
    28: 000009   E010  LDI R17, 0x00;
    29: 00000A   9124  LPM R18, Z
    30: 
    31: 00000B   E0A0  LDI R26, 0x00
    32: 00000C   E0B1  LDI R27, 0x01
    33: 
    34: 00000D   932C  ST X, R18
    35: 
    36:      LE:
    37: 00000E   1710  CP R17, R16
    38: 00000F   F031  BREQ LOOP
    39: 000010   95E3  INC R30
    40: 000011   9513  INC R17
    41: 000012   95A3  INC R26
    42: 000013   9124  LPM R18, Z; lê o que está na posição Z
    43: 
    44: 000014   932C  ST X, R18
    45: 000015   CFF8  RJMP LE
    46: 
    47: 000016   CFFF  RJMP LOOP
    48: 
    49: ARRAY: .db 0x01, 0x02, 0x05, 0x04, 0x03, 0x00
        000017 0201 0405 0003

List of symbols:
Type nDef nUsed             Decimalval           Hexval Name
  T     1     1                    171               AB ATMEGA328P
  L     1     0                    256             0100 PO1
  L     1     0                    256             0100 MAIOR_V
  L     1     0                      1               01 TOMEM
  L     1     2                      1               01 INIT
  L     1     2                      6               06 P1
  L     1     2                     14               0E LE
  L     1     4                     22               16 LOOP
  L     1     2                     23               17 ARRAY
  C     1     0                     22               16 NOW_Y
  C     1     0                      7               07 NOW_M
  C     1     0                     14               0E NOW_D
  C     1     0                  44756             AED4 NOW_I
   No macros.

Program             :       23 words.
Constants           :        3 words.
Total program memory:       26 words.
Eeprom space        :        0 bytes.
Data segment        :        0 bytes.
Compilation completed, no errors.
Compilation ended 14.07.2022, 16:59:49
